sml_tree.c:15:16:sml_tree_path_init	16	static
sml_tree.c:28:16:sml_tree_path_parse	32	static
sml_tree.c:86:5:sml_tree_path_write	24	static
sml_tree.c:118:6:sml_tree_path_free	24	static
sml_tree.c:137:5:sml_tree_path_add_path_entry	16	static
sml_tree.c:154:11:sml_tree_init	16	static
sml_tree.c:167:11:sml_tree_parse	32	static
sml_tree.c:252:5:sml_tree_write	24	static
sml_tree.c:298:6:sml_tree_free	24	static
sml_tree.c:317:5:sml_tree_add_tree	16	static
sml_tree.c:333:21:sml_proc_par_value_init	16	static
sml_tree.c:346:21:sml_proc_par_value_parse	24	static
sml_tree.c:417:5:sml_proc_par_value_write	24	static
sml_tree.c:466:6:sml_proc_par_value_free	16	static
sml_tree.c:512:18:sml_tupel_entry_init	16	static
sml_tree.c:525:18:sml_tupel_entry_parse	24	static
sml_tree.c:625:5:sml_tupel_entry_write	24	static
sml_tree.c:715:6:sml_tupel_entry_free	16	static
sml_tree.c:755:5:sml_tupel_entry_build_signed_content	144	static
sml_tree.c:882:19:sml_period_entry_init	16	static
sml_tree.c:895:19:sml_period_entry_parse	24	static
sml_tree.c:955:5:sml_period_entry_write	24	static
sml_tree.c:991:6:sml_period_entry_free	16	static
