sml_get_profile_pack_response.c:13:32:sml_get_profile_pack_response_init	16	static
sml_get_profile_pack_response.c:26:32:sml_get_profile_pack_response_parse	24	static
sml_get_profile_pack_response.c:90:5:sml_get_profile_pack_response_write	24	static
sml_get_profile_pack_response.c:129:6:sml_get_profile_pack_response_free	16	static
sml_get_profile_pack_response.c:149:28:sml_prof_obj_header_entry_init	16	static
sml_get_profile_pack_response.c:162:28:sml_prof_obj_header_entry_parse	24	static
sml_get_profile_pack_response.c:208:5:sml_prof_obj_header_entry_write	24	static
sml_get_profile_pack_response.c:232:6:sml_prof_obj_header_entry_free	16	static
sml_get_profile_pack_response.c:247:28:sml_prof_obj_period_entry_init	16	static
sml_get_profile_pack_response.c:260:28:sml_prof_obj_period_entry_parse	24	static
sml_get_profile_pack_response.c:309:5:sml_prof_obj_period_entry_write	24	static
sml_get_profile_pack_response.c:336:6:sml_prof_obj_period_entry_free	16	static
sml_get_profile_pack_response.c:352:18:sml_value_entry_init	16	static
sml_get_profile_pack_response.c:365:18:sml_value_entry_parse	24	static
sml_get_profile_pack_response.c:410:5:sml_value_entry_write	24	static
sml_get_profile_pack_response.c:431:6:sml_value_entry_free	16	static
