sml_v105.c:13:19:sml_simple_value_init	16	static
sml_v105.c:26:19:sml_simple_value_parse	32	static
sml_v105.c:93:5:sml_simple_value_write	24	static
sml_v105.c:126:6:sml_simple_value_free	16	static
sml_v105.c:148:24:sml_timestamped_value_init	16	static
sml_v105.c:161:24:sml_timestamped_value_parse	24	static
sml_v105.c:215:5:sml_timestamped_value_write	24	static
sml_v105.c:239:6:sml_timestamped_value_free	16	static
sml_v105.c:252:24:sml_cosem_scaler_unit_init	16	static
sml_v105.c:265:24:sml_cosem_scaler_unit_parse	24	static
sml_v105.c:316:5:sml_cosem_scaler_unit_write	24	static
sml_v105.c:337:6:sml_cosem_scaler_unit_free	16	static
sml_v105.c:349:18:sml_cosem_value_init	16	static
sml_v105.c:362:18:sml_cosem_value_parse	24	static
sml_v105.c:422:5:sml_cosem_value_write	24	static
sml_v105.c:453:6:sml_cosem_value_free	16	static
sml_v105.c:473:16:sml_list_type_init	16	static
sml_v105.c:486:16:sml_list_type_parse	24	static
sml_v105.c:552:5:sml_list_type_write	24	static
sml_v105.c:589:6:sml_list_type_free	16	static
