SML_Factory.c:37:6:SMLF_FileFree	16	static
SML_Factory.c:44:10:SMLF_FileGetBuf	16	static
SML_Factory.c:52:10:SMLF_FileGetBufLen	16	static
SML_Factory.c:59:11:SMLF_FileParseFromBuf	32	dynamic
SML_Factory.c:71:9:SMLF_CreateGetPPReqFilePID	16	static
SML_Factory.c:78:9:SMLF_CreateGetPPReqFilePID2	56	dynamic
SML_Factory.c:98:9:SMLF_CreateGetPPReqFileOBIS	16	static
SML_Factory.c:105:9:SMLF_CreateGetPPReqFileOBIS2	64	static
SML_Factory.c:151:9:_SMLF_CreateGetPPReqMessage	72	static
SML_Factory.c:208:9:SMLF_CreateSetPPReqFilePID	80	static
SML_Factory.c:217:9:SMLF_CreateSetPPReqFileOBIS	48	static
SML_Factory.c:259:9:_SMLF_CreateSetPPReqMessage	80	static
SML_Factory.c:337:9:SMLF_ParseSetPPRespFile	48	static
SML_Factory.c:378:9:SMLF_ParseGetPPRespFile	48	static
SML_Factory.c:421:9:_SMLF_ParseGetPPRespMessage	48	static
SML_Factory.c:467:9:_SMLF_ParseCOSEMClass_1	56	static
SML_Factory.c:516:9:_SMLF_ParseCOSEMClass_3	72	static
SML_Factory.c:582:9:_SMLF_ParseCOSEMClass_32770	120	static
SML_Factory.c:675:9:_SMLF_TxferSMLValue2OBISData	56	static
