main.c:105:5:main	8	static
main.c:194:6:SystemClock_Config	200	static
main.c:250:13:MX_USART2_UART_Init	8	static
main.c:285:13:MX_USART3_UART_Init	8	static
main.c:320:13:MX_GPIO_Init	48	static
main.c:375:10:get_Value	2104	static
main.c:421:10:Kleinste	40	static
main.c:438:10:Grosste	40	static
main.c:455:6:Umschaltung_Output1	32	static
main.c:480:6:Umschaltung_Output2	32	static
main.c:505:6:Umschaltung_Output3	32	static
main.c:540:6:check_Output1	32	static
main.c:576:6:check_Output2	32	static
main.c:613:6:check_Output3	32	static
main.c:657:6:StartDefaultTask	336	static
main.c:744:6:StarttoggleLEDTask	16	static
main.c:764:6:HAL_TIM_PeriodElapsedCallback	16	static
main.c:781:6:Error_Handler	4	static,ignoring_inline_asm
